[23-Aug-2026 01:05:11 Asia/Kolkata] Login processing query error: SQLSTATE[42S22]: Column not found: 1054 Unknown column 'm.name' in 'field list'
[23-Aug-2026 01:05:22 Asia/Kolkata] Login processing query error: SQLSTATE[42S22]: Column not found: 1054 Unknown column 'm.name' in 'field list'
[23-Aug-2026 01:05:33 Asia/Kolkata] Login processing query error: SQLSTATE[42S22]: Column not found: 1054 Unknown column 'm.name' in 'field list'
[23-Aug-2026 01:10:57 Asia/Kolkata] Failed to load system settings: SQLSTATE[42S02]: Base table or view not found: 1146 Table 'banda_bar.system_settings' doesn't exist
[23-Aug-2026 01:11:07 Asia/Kolkata] Login processing query error: SQLSTATE[HY093]: Invalid parameter number
[23-Aug-2026 01:11:07 Asia/Kolkata] Failed to load system settings: SQLSTATE[42S02]: Base table or view not found: 1146 Table 'banda_bar.system_settings' doesn't exist
[23-Aug-2026 01:15:16 Asia/Kolkata] Failed to load system settings: SQLSTATE[42S02]: Base table or view not found: 1146 Table 'banda_bar.system_settings' doesn't exist
[23-Aug-2026 01:17:26 Asia/Kolkata] Failed to load system settings: SQLSTATE[42S02]: Base table or view not found: 1146 Table 'banda_bar.system_settings' doesn't exist
[23-Aug-2026 01:17:35 Asia/Kolkata] Login processing query error: SQLSTATE[HY093]: Invalid parameter number
[23-Aug-2026 01:17:35 Asia/Kolkata] Failed to load system settings: SQLSTATE[42S02]: Base table or view not found: 1146 Table 'banda_bar.system_settings' doesn't exist
[23-Aug-2026 01:20:47 Asia/Kolkata] PHP Warning:  Undefined variable $db in C:\xampp\htdocs\banda-bar\includes\dashboard\header.php on line 60
[23-Aug-2026 01:21:47 Asia/Kolkata] PHP Warning:  Cannot modify header information - headers already sent by (output started at C:\xampp\htdocs\banda-bar\includes\functions.php:979) in C:\xampp\htdocs\banda-bar\includes\functions.php on line 75
[23-Aug-2026 01:31:09 Asia/Kolkata] Failed loading role mismatches: SQLSTATE[42000]: Syntax error or access violation: 1064 You have an error in your SQL syntax; check the manual that corresponds to your MariaDB server version for the right syntax to use near 'current_role, u.id AS user_uid
            FROM office_bearers ob
           ...' at line 1
[23-Aug-2026 01:31:40 Asia/Kolkata] PHP Warning:  Undefined array key "enrollment_year" in C:\xampp\htdocs\banda-bar\member-profile.php on line 113
[23-Aug-2026 01:32:02 Asia/Kolkata] PHP Warning:  Cannot modify header information - headers already sent by (output started at C:\xampp\htdocs\banda-bar\includes\navbar.php:46) in C:\xampp\htdocs\banda-bar\includes\functions.php on line 75
[23-Aug-2026 01:32:25 Asia/Kolkata] PHP Warning:  Cannot modify header information - headers already sent by (output started at C:\xampp\htdocs\banda-bar\includes\navbar.php:46) in C:\xampp\htdocs\banda-bar\includes\functions.php on line 75
[23-Aug-2026 01:32:42 Asia/Kolkata] PHP Warning:  Cannot modify header information - headers already sent by (output started at C:\xampp\htdocs\banda-bar\includes\navbar.php:46) in C:\xampp\htdocs\banda-bar\includes\functions.php on line 75
[23-Aug-2026 02:02:45 Asia/Kolkata] PHP Warning:  Cannot modify header information - headers already sent by (output started at C:\xampp\htdocs\banda-bar\includes\dashboard\sidebar.php:53) in C:\xampp\htdocs\banda-bar\includes\functions.php on line 75
[23-Aug-2026 02:07:07 Asia/Kolkata] Failed loading role mismatches: SQLSTATE[42000]: Syntax error or access violation: 1064 You have an error in your SQL syntax; check the manual that corresponds to your MariaDB server version for the right syntax to use near 'current_role, u.id AS user_uid
            FROM office_bearers ob
           ...' at line 1
